
> portafolio-mdea@0.1.0 build
> next build

▲ Next.js 16.2.3 (Turbopack)

  Creating an optimized production build ...
✓ Compiled successfully in 4.3s
  Running TypeScript ...
  Finished TypeScript in 6.5s ...
  Collecting page data using 10 workers ...
  Generating static pages using 10 workers (0/53) ...
⚠ metadataBase property in metadata export is not set for resolving social open graph or twitter images, using "http://localhost:3000". See https://nextjs.org/docs/app/api-reference/functions/generate-metadata#metadatabase
⚠ metadataBase property in metadata export is not set for resolving social open graph or twitter images, using "http://localhost:3000". See https://nextjs.org/docs/app/api-reference/functions/generate-metadata#metadatabase
⚠ metadataBase property in metadata export is not set for resolving social open graph or twitter images, using "http://localhost:3000". See https://nextjs.org/docs/app/api-reference/functions/generate-metadata#metadatabase
  Generating static pages using 10 workers (13/53) 
  Generating static pages using 10 workers (26/53) 
  Generating static pages using 10 workers (39/53) 
✓ Generating static pages using 10 workers (53/53) in 3.0s
  Finalizing page optimization ...

Route (app)
┌ ○ /_not-found
├ ● /[lang]
│ ├ /en
│ └ /es
├ ● /[lang]/about
│ ├ /en/about
│ └ /es/about
├ ● /[lang]/projects
│ ├ /en/projects
│ └ /es/projects
├ ● /[lang]/projects/[slug]
│ ├ /en/projects/arbitro
│ ├ /en/projects/asedio
│ ├ /en/projects/bandera
│ └ [+39 more paths]
├ ○ /opengraph-image
├ ○ /robots.txt
└ ○ /sitemap.xml


ƒ Proxy (Middleware)

○  (Static)  prerendered as static content
●  (SSG)     prerendered as static HTML (uses generateStaticParams)

